

================================================================
== Vivado HLS Report for 'scaled_fixed2ieee'
================================================================
* Date:           Tue Oct  3 20:11:58 2017

* Version:        2017.2 (Build 1909853 on Wed Aug 09 16:50:22 MDT 2017)
* Project:        coprocess
* Solution:       example
* Product family: zynq
* Target device:  xc7z020clg484-1


================================================================
== Performance Estimates
================================================================
+ Timing (ns): 
    * Summary: 
    +--------+-------+----------+------------+
    |  Clock | Target| Estimated| Uncertainty|
    +--------+-------+----------+------------+
    |ap_clk  |  10.00|      8.08|        1.25|
    +--------+-------+----------+------------+

+ Latency (clock cycles): 
    * Summary: 
    +-----+-----+-----+-----+---------+
    |  Latency  |  Interval | Pipeline|
    | min | max | min | max |   Type  |
    +-----+-----+-----+-----+---------+
    |    7|   11|    7|   11|   none  |
    +-----+-----+-----+-----+---------+

    + Detail: 
        * Instance: 
        N/A

        * Loop: 
        +----------+-----+-----+----------+-----------+-----------+-------+----------+
        |          |  Latency  | Iteration|  Initiation Interval  |  Trip |          |
        | Loop Name| min | max |  Latency |  achieved |   target  | Count | Pipelined|
        +----------+-----+-----+----------+-----------+-----------+-------+----------+
        |- Loop 1  |    2|    2|         1|          -|          -|      2|    no    |
        |- Loop 2  |    2|    5|         2|          -|          -| 1 ~ 2 |    no    |
        +----------+-----+-----+----------+-----------+-----------+-------+----------+



================================================================
== Utilization Estimates
================================================================
* Summary: 
+-----------------+---------+-------+--------+-------+
|       Name      | BRAM_18K| DSP48E|   FF   |  LUT  |
+-----------------+---------+-------+--------+-------+
|DSP              |        -|      -|       -|      -|
|Expression       |        -|      -|     595|    634|
|FIFO             |        -|      -|       -|      -|
|Instance         |        -|      -|       -|      -|
|Memory           |        -|      -|       -|      -|
|Multiplexer      |        -|      -|       -|     96|
|Register         |        -|      -|     368|      -|
+-----------------+---------+-------+--------+-------+
|Total            |        0|      0|     963|    730|
+-----------------+---------+-------+--------+-------+
|Available        |      280|    220|  106400|  53200|
+-----------------+---------+-------+--------+-------+
|Utilization (%)  |        0|      0|   ~0   |      1|
+-----------------+---------+-------+--------+-------+

+ Detail: 
    * Instance: 
    N/A

    * DSP48: 
    N/A

    * Memory: 
    N/A

    * FIFO: 
    N/A

    * Expression: 
    +-----------------------+----------+-------+-----+-----+------------+------------+
    |     Variable Name     | Operation| DSP48E|  FF | LUT | Bitwidth P0| Bitwidth P1|
    +-----------------------+----------+-------+-----+-----+------------+------------+
    |i_1_fu_304_p2          |     +    |      0|   11|    8|           2|           1|
    |i_fu_236_p2            |     +    |      0|   11|    8|           2|           1|
    |shift_2_fu_336_p2      |     +    |      0|  101|   37|          32|          32|
    |newexp_fu_395_p2       |     -    |      0|  101|   37|          32|          32|
    |tmp_3_fu_382_p2        |     -    |      0|   32|   14|           7|           9|
    |tmp_8_fu_330_p2        |     -    |      0|  101|   37|           1|          32|
    |c_0_fu_272_p3          |   cttz   |      0|   40|   36|          32|           0|
    |exitcond_fu_230_p2     |   icmp   |      0|    0|    1|           2|           3|
    |tmp_2_fu_377_p2        |   icmp   |      0|    0|   16|          32|           5|
    |tmp_6_fu_387_p2        |   icmp   |      0|    0|   16|          29|           1|
    |tmp_1_fu_356_p2        |   lshr   |      0|   99|  101|          32|          32|
    |or_cond_fu_409_p2      |    or    |      0|    0|    2|           1|           1|
    |c_1_1_fu_280_p3        |  select  |      0|    0|   32|           1|          32|
    |c_1_2_fu_288_p3        |  select  |      0|    0|   32|           1|          32|
    |in_shift_V_fu_370_p3   |  select  |      0|    0|   29|           1|          29|
    |out_exp_V_fu_436_p3    |  select  |      0|    0|    8|           1|           1|
    |p_Result_29_fu_264_p3  |  select  |      0|    0|   32|           1|          32|
    |p_Val2_22_fu_428_p3    |  select  |      0|    0|   23|           1|           1|
    |sh_assign_1_fu_341_p3  |  select  |      0|    0|   32|           1|          32|
    |sh_assign_fu_314_p3    |  select  |      0|    0|   32|           1|          32|
    |tmp_s_fu_350_p2        |    shl   |      0|   99|  101|          32|          32|
    +-----------------------+----------+-------+-----+-----+------------+------------+
    |Total                  |          |      0|  595|  634|         244|         372|
    +-----------------------+----------+-------+-----+-----+------------+------------+

    * Multiplexer: 
    +------------------+----+-----------+-----+-----------+
    |       Name       | LUT| Input Size| Bits| Total Bits|
    +------------------+----+-----------+-----+-----------+
    |ap_NS_fsm         |  33|          6|    1|          6|
    |ap_return         |   9|          2|   31|         62|
    |i1_reg_112        |   9|          2|    2|          4|
    |i2_reg_145        |   9|          2|    2|          4|
    |in_shift_reg_123  |   9|          2|   29|         58|
    |p_Val2_s_reg_156  |   9|          2|   29|         58|
    |shift_1_reg_166   |   9|          2|   32|         64|
    |shift_reg_133     |   9|          2|   32|         64|
    +------------------+----+-----------+-----+-----------+
    |Total             |  96|         20|  158|        320|
    +------------------+----+-----------+-----+-----------+

    * Register: 
    +----------------------+----+----+-----+-----------+
    |         Name         | FF | LUT| Bits| Const Bits|
    +----------------------+----+----+-----+-----------+
    |ap_CS_fsm             |   5|   0|    5|          0|
    |ap_return_preg        |  31|   0|   32|          1|
    |c_0_s_reg_88          |  32|   0|   32|          0|
    |c_1_s_reg_100         |  32|   0|   32|          0|
    |i1_reg_112            |   2|   0|    2|          0|
    |i2_reg_145            |   2|   0|    2|          0|
    |i_1_reg_501           |   2|   0|    2|          0|
    |in_shift_reg_123      |  29|   0|   29|          0|
    |isNeg_reg_513         |   1|   0|    1|          0|
    |out_bits_0_V_reg_469  |  32|   0|   32|          0|
    |p_Result_s_reg_474    |  32|   0|   32|          0|
    |p_Val2_s_reg_156      |  29|   0|   29|          0|
    |sh_assign_reg_506     |  32|   0|   32|          0|
    |shift_1_reg_166       |  32|   0|   32|          0|
    |shift_reg_133         |  32|   0|   32|          0|
    |tmp_24_reg_497        |   1|   0|    1|          0|
    |tmp_3_reg_539         |   9|   0|    9|          0|
    |tmp_6_reg_544         |   1|   0|    1|          0|
    |tmp_8_reg_519         |  32|   0|   32|          0|
    +----------------------+----+----+-----+-----------+
    |Total                 | 368|   0|  369|          1|
    +----------------------+----+----+-----+-----------+



================================================================
== Interface
================================================================
* Summary: 
+-----------+-----+-----+------------+-------------------+--------------+
| RTL Ports | Dir | Bits|  Protocol  |   Source Object   |    C Type    |
+-----------+-----+-----+------------+-------------------+--------------+
|ap_clk     |  in |    1| ap_ctrl_hs | scaled_fixed2ieee | return value |
|ap_rst     |  in |    1| ap_ctrl_hs | scaled_fixed2ieee | return value |
|ap_start   |  in |    1| ap_ctrl_hs | scaled_fixed2ieee | return value |
|ap_done    | out |    1| ap_ctrl_hs | scaled_fixed2ieee | return value |
|ap_idle    | out |    1| ap_ctrl_hs | scaled_fixed2ieee | return value |
|ap_ready   | out |    1| ap_ctrl_hs | scaled_fixed2ieee | return value |
|ap_return  | out |   32| ap_ctrl_hs | scaled_fixed2ieee | return value |
|in_V       |  in |   29|   ap_none  |        in_V       |    scalar    |
|prescale   |  in |    9|   ap_none  |      prescale     |    scalar    |
+-----------+-----+-----+------------+-------------------+--------------+

